// Jest Snapshot v1, https://goo.gl/fbAQLP

exports[`<TaxonomyPicker /> @renders in default state 1`] = `
<div
  className="container"
  key="Taxonomy_Picker_Name"
  title="Taxonomy_Picker_Name"
>
  <StateManager
    backspaceRemovesValue={false}
    cacheOptions={false}
    defaultInputValue=""
    defaultMenuIsOpen={false}
    defaultOptions={null}
    defaultValue={null}
    filterOption={[Function]}
    getOptionLabel={[Function]}
    isLoading={false}
    isMulti={true}
    loadOptions={[Function]}
    logErrorsConsole={false}
    logErrorsDiv={false}
    multi={true}
    name="Taxonomy_Picker_Name"
    onChange={[Function]}
    onPickerChange={null}
    options={Array []}
    placeholder="Type here to search..."
    showPath={false}
    termSetAllTermsCacheExpiresMin={1440}
    termSetCountCacheExpiresMin={10080}
    termSetCountMaxSwapToAsync={300}
    termSetGuid={null}
    termSetName={null}
    value={null}
  >
     
     
  </StateManager>
</div>
`;
